[backblue.gif]
[fade.gif]
[index.html]
[www.midiplus.com.tw/index.files/filelist.xml]
[www.midiplus.com.tw/index.files/item0022.xml]
[www.midiplus.com.tw/index.files/themedata.thmx]
[www.midiplus.com.tw/index.files/colorschememapping.xml]
[www.midiplus.com.tw/index.files/image001.jpg]
[www.midiplus.com.tw/index.files/image002.png]
[www.midiplus.com.tw/index.files/image003.gif]
[www.midiplus.com.tw/index.files/image005.jpg]
[www.midiplus.com.tw/index.files/image007.jpg]
[www.midiplus.com.tw/index.files/image009.jpg]
[www.midiplus.com.tw/index.files/image011.jpg]
[www.midiplus.com.tw/index.files/image013.jpg]
[www.midiplus.com.tw/index.files/image015.jpg]
[www.midiplus.com.tw/index.html]
[www.midiplus.com.tw/index.files/editdata.html]
[www.midiplus.com.tw/index.files/header.html]
[www.midiplus.com.tw/KeyboardController.files/filelist.xml]
[www.midiplus.com.tw/KeyboardController.files/item0039.xml]
[www.midiplus.com.tw/KeyboardController.files/themedata.thmx]
[www.midiplus.com.tw/KeyboardController.files/colorschememapping.xml]
[www.midiplus.com.tw/KeyboardController.files/image001.jpg]
[www.midiplus.com.tw/KeyboardController.files/image002.png]
[www.midiplus.com.tw/KeyboardController.files/image004.jpg]
[www.midiplus.com.tw/KeyboardController.files/image006.jpg]
[www.midiplus.com.tw/KeyboardController.files/image008.png]
[www.midiplus.com.tw/KeyboardController.files/image010.jpg]
[www.midiplus.com.tw/KeyboardController.files/image012.png]
[www.midiplus.com.tw/KeyboardController.files/image014.jpg]
[www.midiplus.com.tw/KeyboardController.files/image016.png]
[www.midiplus.com.tw/KeyboardController.files/image018.png]
[www.midiplus.com.tw/KeyboardController.files/image020.jpg]
[www.midiplus.com.tw/KeyboardController.files/image022.jpg]
[www.midiplus.com.tw/KeyboardController.files/image024.jpg]
[www.midiplus.com.tw/KeyboardController.files/image026.jpg]
[www.midiplus.com.tw/KeyboardController.files/image028.jpg]
[www.midiplus.com.tw/KeyboardController.files/image030.jpg]
[www.midiplus.com.tw/KeyboardController.files/image032.jpg]
[www.midiplus.com.tw/KeyboardController.html]
[www.midiplus.com.tw/midiinterface.files/filelist.xml]
[www.midiplus.com.tw/midiinterface.files/item0019.xml]
[www.midiplus.com.tw/midiinterface.files/themedata.thmx]
[www.midiplus.com.tw/midiinterface.files/colorschememapping.xml]
[www.midiplus.com.tw/midiinterface.files/image001.jpg]
[www.midiplus.com.tw/midiinterface.files/image002.png]
[www.midiplus.com.tw/midiinterface.files/image004.jpg]
[www.midiplus.com.tw/midiinterface.files/image006.jpg]
[www.midiplus.com.tw/midiinterface.files/image008.png]
[www.midiplus.com.tw/midiinterface.files/image010.jpg]
[www.midiplus.com.tw/midiinterface.files/image012.png]
[www.midiplus.com.tw/midiinterface.html]
[www.midiplus.com.tw/AudioInterface.files/filelist.xml]
[www.midiplus.com.tw/AudioInterface.files/item0019.xml]
[www.midiplus.com.tw/AudioInterface.files/themedata.thmx]
[www.midiplus.com.tw/AudioInterface.files/colorschememapping.xml]
[www.midiplus.com.tw/AudioInterface.files/image001.jpg]
[www.midiplus.com.tw/AudioInterface.files/image002.png]
[www.midiplus.com.tw/AudioInterface.files/image004.png]
[www.midiplus.com.tw/AudioInterface.files/image006.jpg]
[www.midiplus.com.tw/AudioInterface.files/image008.jpg]
[www.midiplus.com.tw/AudioInterface.files/image010.png]
[www.midiplus.com.tw/AudioInterface.files/image012.png]
[www.midiplus.com.tw/AudioInterface.html]
[www.midiplus.com.tw/Sound module.files/filelist.xml]
[www.midiplus.com.tw/Sound module.files/item0013.xml]
[www.midiplus.com.tw/Sound module.files/themedata.thmx]
[www.midiplus.com.tw/Sound module.files/colorschememapping.xml]
[www.midiplus.com.tw/Sound module.files/image001.jpg]
[www.midiplus.com.tw/Sound module.files/image002.png]
[www.midiplus.com.tw/Sound module.files/image004.jpg]
[www.midiplus.com.tw/Sound module.files/image006.jpg]
[www.midiplus.com.tw/Sound module.html]
[www.midiplus.com.tw/DigitalPiano.files/filelist.xml]
[www.midiplus.com.tw/DigitalPiano.files/item0013.xml]
[www.midiplus.com.tw/DigitalPiano.files/themedata.thmx]
[www.midiplus.com.tw/DigitalPiano.files/colorschememapping.xml]
[www.midiplus.com.tw/DigitalPiano.files/image001.jpg]
[www.midiplus.com.tw/DigitalPiano.files/image002.png]
[www.midiplus.com.tw/DigitalPiano.files/image004.jpg]
[www.midiplus.com.tw/DigitalPiano.files/image006.jpg]
[www.midiplus.com.tw/DigitalPiano.html]
[www.midiplus.com.tw/DrumComponent.files/filelist.xml]
[www.midiplus.com.tw/DrumComponent.files/item0025.xml]
[www.midiplus.com.tw/DrumComponent.files/themedata.thmx]
[www.midiplus.com.tw/DrumComponent.files/colorschememapping.xml]
[www.midiplus.com.tw/DrumComponent.files/image001.jpg]
[www.midiplus.com.tw/DrumComponent.files/image002.png]
[www.midiplus.com.tw/DrumComponent.files/image004.png]
[www.midiplus.com.tw/DrumComponent.files/image006.png]
[www.midiplus.com.tw/DrumComponent.files/image008.jpg]
[www.midiplus.com.tw/DrumComponent.files/image010.jpg]
[www.midiplus.com.tw/DrumComponent.files/image012.jpg]
[www.midiplus.com.tw/DrumComponent.files/image014.jpg]
[www.midiplus.com.tw/DrumComponent.files/image016.jpg]
[www.midiplus.com.tw/DrumComponent.files/image018.jpg]
[www.midiplus.com.tw/DrumComponent.html]
[www.midiplus.com.tw/Accessories.files/filelist.xml]
[www.midiplus.com.tw/Accessories.files/themedata.thmx]
[www.midiplus.com.tw/Accessories.files/colorschememapping.xml]
[www.midiplus.com.tw/Accessories.files/image001.jpg]
[www.midiplus.com.tw/Accessories.files/image002.png]
[www.midiplus.com.tw/Accessories.files/image004.jpg]
[www.midiplus.com.tw/Accessories.html]
[www.midiplus.com.tw/MIDIPLUS-Download.files/filelist.xml]
[www.midiplus.com.tw/MIDIPLUS-Download.files/themedata.thmx]
[www.midiplus.com.tw/MIDIPLUS-Download.files/colorschememapping.xml]
[www.midiplus.com.tw/MIDIPLUS-Download.files/image001.jpg]
[www.midiplus.com.tw/MIDIPLUS-Download.files/image002.png]
[www.midiplus.com.tw/MIDIPLUS-Download.files/Audio driver/Smartface/Smartface_USB_2.9.50.zip]
[www.midiplus.com.tw/MIDIPLUS-Download.files/Audio driver/Audiolink_plus_4x4/AudioLink_plus_4x4_WIN32_2.9.28.zip]
[www.midiplus.com.tw/MIDIPLUS-Download.files/Audio driver/Audiolink_plus_4x4/AudioLink_plus_4x4_X64_2.9.28.zip]
[www.midiplus.com.tw/MIDIPLUS-Download.files/Audio driver/AudiLink/AudioLink_USB_X64_2.9.27.zip]
[www.midiplus.com.tw/MIDIPLUS-Download.files/Audio driver/AudiLink/AudioLink_USB_WIN32_2.9.27.zip]
[www.midiplus.com.tw/MIDIPLUS-Download.files/Audio driver/Audiolink_plus_4x4/AudioLink plus 4x4_3.3.7.dmg]
[www.midiplus.com.tw/MIDIPLUS-Download.files/Audio driver/Neutron/AudioLink3_3.3.7.dmg]
[www.midiplus.com.tw/MIDIPLUS-Download.files/Audio driver/Studio/Midiplus_Studio_2.9.86.37.rar]
[www.midiplus.com.tw/MIDIPLUS-Download.files/Firmware update/Easy Piano/Easy Piano firmware update V1.08.zip]
[www.midiplus.com.tw/MIDIPLUS-Download.files/Firmware update/AKM322/AKM322_update_FW V0.09 20160706.rar]
[www.midiplus.com.tw/MIDIPLUS-Download.files/Firmware update/minicontrol/MIDIPLUS minicontrol update_FW V0.82 20160918.rar]
[www.midiplus.com.tw/MIDIPLUS-Download.files/Firmware update/Merge4/MIDI_Merge_4_update_FW V0.06 20160120.rar]
[www.midiplus.com.tw/MIDIPLUS-Download.files/MIDI driver/VID 0601_m48_midi_X64_1.0.10.rar]
[www.midiplus.com.tw/MIDIPLUS-Download.files/MIDI driver/VID 0601_m48_midi_WIN32_1.0.12.zip]
[www.midiplus.com.tw/MIDIPLUS-Download.files/MIDI driver/VID 0259_m48_midi_X64_1.0.12.rar]
[www.midiplus.com.tw/MIDIPLUS-Download.files/MIDI driver/VID0259_m48_midi_WIN32_1.0.12.zip]
[www.midiplus.com.tw/MIDIPLUS-Download.files/MIDI driver/AT48_MIDI_Driver_2.0.10.dmg]
[www.midiplus.com.tw/MIDIPLUS-Download.files/MIDI Editor/AKM322/Window/AKM322 MIDI Editor V0.1 20151023A.rar]
[www.midiplus.com.tw/MIDIPLUS-Download.files/MIDI Editor/AKM322/Mac/AKM322 MAC MIDIEditor V0.1 20160129.rar]
[www.midiplus.com.tw/MIDIPLUS-Download.files/MIDI Editor/minicontrol/Window/MIDIPLUS minicontrol MIDI Editor V0.3 20161026.rar]
[www.midiplus.com.tw/MIDIPLUS-Download.files/MIDI Editor/minicontrol/Mac/MIDIPlUS minicontrol MAC MIDI EDITOR V0.3 20161020.rar]
[www.midiplus.com.tw/MIDIPLUS-Download.files/Manual/MIDIPLUS SmartPAD Manual_140929A.pdf]
[www.midiplus.com.tw/MIDIPLUS-Download.files/Manual/MIDIPLUS X series Chinese manual.pdf]
[www.midiplus.com.tw/MIDIPLUS-Download.files/Manual/[MP]Manual of BK492_V2.2 _160726A.pdf]
[www.midiplus.com.tw/MIDIPLUS-Download.files/Manual/Manual Of EK490-V2.0_140709A.pdf]
[www.midiplus.com.tw/MIDIPLUS-Download.files/image004.png]
[www.midiplus.com.tw/MIDIPLUS-Download.html]
[www.midiplus.com.tw/company.files/filelist.xml]
[embed.tawk.to/58369e2be6ab3b03d05acce7/default.js]
[www.midiplus.com.tw/company.files/item0009.xml]
[www.midiplus.com.tw/company.files/themedata.thmx]
[www.midiplus.com.tw/company.files/colorschememapping.xml]
[www.midiplus.com.tw/company.files/image001.jpg]
[www.midiplus.com.tw/company.files/image002.png]
[www.midiplus.com.tw/company.html]
[www.midiplus.com.tw/news.files/filelist.xml]
[www.midiplus.com.tw/news.files/themedata.thmx]
[www.midiplus.com.tw/news.files/colorschememapping.xml]
[www.midiplus.com.tw/news.files/image001.jpg]
[www.midiplus.com.tw/news.files/image002.png]
[www.midiplus.com.tw/news.files/image004.jpg]
[www.midiplus.com.tw/news.html]
[www.midiplus.com.tw/index-2.html]
[www.midiplus.com.tw/KeyboardController.files/editdata.html]
[www.midiplus.com.tw/KeyboardController.files/header.html]
[www.midiplus.com.tw/akm320.files/filelist.xml]
[www.midiplus.com.tw/akm320.files/item0015.xml]
[www.midiplus.com.tw/akm320.files/themedata.thmx]
[www.midiplus.com.tw/akm320.files/colorschememapping.xml]
[www.midiplus.com.tw/akm320.files/image001.jpg]
[www.midiplus.com.tw/akm320.files/image002.png]
[www.midiplus.com.tw/akm320.files/image004.jpg]
[www.midiplus.com.tw/akm320.files/image006.png]
[www.midiplus.com.tw/akm320.files/image008.jpg]
[www.midiplus.com.tw/akm320.html]
[www.midiplus.com.tw/AKM322.files/filelist.xml]
[www.midiplus.com.tw/AKM322.files/item0015.xml]
[www.midiplus.com.tw/AKM322.files/themedata.thmx]
[www.midiplus.com.tw/AKM322.files/colorschememapping.xml]
[www.midiplus.com.tw/AKM322.files/image001.jpg]
[www.midiplus.com.tw/AKM322.files/image002.png]
[www.midiplus.com.tw/AKM322.files/image004.png]
[www.midiplus.com.tw/AKM322.files/image006.png]
[www.midiplus.com.tw/AKM322.files/image008.png]
[www.midiplus.com.tw/AKM322.html]
[www.midiplus.com.tw/minicontrol.files/filelist.xml]
[www.midiplus.com.tw/minicontrol.files/item0015.xml]
[www.midiplus.com.tw/minicontrol.files/themedata.thmx]
[www.midiplus.com.tw/minicontrol.files/colorschememapping.xml]
[www.midiplus.com.tw/minicontrol.files/image001.jpg]
[www.midiplus.com.tw/minicontrol.files/image002.png]
[www.midiplus.com.tw/minicontrol.files/image004.png]
[www.midiplus.com.tw/minicontrol.files/image006.png]
[www.midiplus.com.tw/minicontrol.files/image008.jpg]
[www.midiplus.com.tw/minicontrol.html]
[www.midiplus.com.tw/EasyPiano.files/filelist.xml]
[www.midiplus.com.tw/EasyPiano.files/item0011.xml]
[www.midiplus.com.tw/EasyPiano.files/themedata.thmx]
[www.midiplus.com.tw/EasyPiano.files/colorschememapping.xml]
[www.midiplus.com.tw/EasyPiano.files/image001.jpg]
[www.midiplus.com.tw/EasyPiano.files/image002.png]
[www.midiplus.com.tw/EasyPiano.files/image004.jpg]
[www.midiplus.com.tw/EasyPiano.html]
[www.midiplus.com.tw/ak490.files/filelist.xml]
[www.midiplus.com.tw/ak490.files/item0011.xml]
[www.midiplus.com.tw/ak490.files/themedata.thmx]
[www.midiplus.com.tw/ak490.files/colorschememapping.xml]
[www.midiplus.com.tw/ak490.files/image001.jpg]
[www.midiplus.com.tw/ak490.files/image002.png]
[www.midiplus.com.tw/ak490.files/image004.jpg]
[www.midiplus.com.tw/ak490.html]
[www.midiplus.com.tw/BK492.files/filelist.xml]
[www.midiplus.com.tw/BK492.files/item0010.xml]
[www.midiplus.com.tw/BK492.files/themedata.thmx]
[www.midiplus.com.tw/BK492.files/colorschememapping.xml]
[www.midiplus.com.tw/BK492.files/image001.jpg]
[www.midiplus.com.tw/BK492.files/image002.png]
[www.midiplus.com.tw/BK492.files/image003.jpg]
[www.midiplus.com.tw/BK492.html]
[www.midiplus.com.tw/ex610.files/filelist.xml]
[www.midiplus.com.tw/ex610.files/item0012.xml]
[www.midiplus.com.tw/ex610.files/themedata.thmx]
[www.midiplus.com.tw/ex610.files/colorschememapping.xml]
[www.midiplus.com.tw/ex610.files/image001.jpg]
[www.midiplus.com.tw/ex610.files/image002.png]
[www.midiplus.com.tw/ex610.files/image004.jpg]
[www.midiplus.com.tw/ex610.html]
[www.midiplus.com.tw/i61.files/filelist.xml]
[www.midiplus.com.tw/i61.files/item0012.xml]
[www.midiplus.com.tw/i61.files/themedata.thmx]
[www.midiplus.com.tw/i61.files/colorschememapping.xml]
[www.midiplus.com.tw/i61.files/image001.jpg]
[www.midiplus.com.tw/i61.files/image002.png]
[www.midiplus.com.tw/i61.files/image004.jpg]
[www.midiplus.com.tw/i61.html]
[www.midiplus.com.tw/origin62.files/filelist.xml]
[www.midiplus.com.tw/origin62.files/item0010.xml]
[www.midiplus.com.tw/origin62.files/themedata.thmx]
[www.midiplus.com.tw/origin62.files/colorschememapping.xml]
[www.midiplus.com.tw/origin62.files/image001.jpg]
[www.midiplus.com.tw/origin62.files/image002.png]
[www.midiplus.com.tw/origin62.files/image003.png]
[www.midiplus.com.tw/origin62.html]
[www.midiplus.com.tw/X6.files/filelist.xml]
[www.midiplus.com.tw/X6.files/item0011.xml]
[www.midiplus.com.tw/X6.files/themedata.thmx]
[www.midiplus.com.tw/X6.files/colorschememapping.xml]
[www.midiplus.com.tw/X6.files/image001.jpg]
[www.midiplus.com.tw/X6.files/image002.png]
[www.midiplus.com.tw/X6.files/image003.jpg]
[www.midiplus.com.tw/X6.html]
[www.midiplus.com.tw/Classic 49.files/filelist.xml]
[www.midiplus.com.tw/Classic 49.files/item0012.xml]
[www.midiplus.com.tw/Classic 49.files/themedata.thmx]
[www.midiplus.com.tw/Classic 49.files/colorschememapping.xml]
[www.midiplus.com.tw/Classic 49.files/image001.jpg]
[www.midiplus.com.tw/Classic 49.files/image002.png]
[www.midiplus.com.tw/Classic 49.files/image003.jpg]
[www.midiplus.com.tw/Classic 49.html]
[www.midiplus.com.tw/Classic 25.files/filelist.xml]
[www.midiplus.com.tw/Classic 25.files/item0011.xml]
[www.midiplus.com.tw/Classic 25.files/themedata.thmx]
[www.midiplus.com.tw/Classic 25.files/colorschememapping.xml]
[www.midiplus.com.tw/Classic 25.files/image001.jpg]
[www.midiplus.com.tw/Classic 25.files/image002.png]
[www.midiplus.com.tw/Classic 25.files/image004.png]
[www.midiplus.com.tw/Classic 25.html]
[www.midiplus.com.tw/X8.files/filelist.xml]
[www.midiplus.com.tw/X8.files/item0010.xml]
[www.midiplus.com.tw/X8.files/themedata.thmx]
[www.midiplus.com.tw/X8.files/colorschememapping.xml]
[www.midiplus.com.tw/X8.files/image001.jpg]
[www.midiplus.com.tw/X8.files/image002.png]
[www.midiplus.com.tw/X8.files/image003.jpg]
[www.midiplus.com.tw/X8.html]
[www.midiplus.com.tw/Dreamer88.files/filelist.xml]
[www.midiplus.com.tw/Dreamer88.files/item0010.xml]
[www.midiplus.com.tw/Dreamer88.files/themedata.thmx]
[www.midiplus.com.tw/Dreamer88.files/colorschememapping.xml]
[www.midiplus.com.tw/Dreamer88.files/image001.jpg]
[www.midiplus.com.tw/Dreamer88.files/image002.png]
[www.midiplus.com.tw/Dreamer88.files/image003.jpg]
[www.midiplus.com.tw/Dreamer88.html]
[www.midiplus.com.tw/Dreamer61.files/filelist.xml]
[www.midiplus.com.tw/Dreamer61.files/item0010.xml]
[www.midiplus.com.tw/Dreamer61.files/themedata.thmx]
[www.midiplus.com.tw/Dreamer61.files/colorschememapping.xml]
[www.midiplus.com.tw/Dreamer61.files/image001.jpg]
[www.midiplus.com.tw/Dreamer61.files/image002.png]
[www.midiplus.com.tw/Dreamer61.files/image003.jpg]
[www.midiplus.com.tw/Dreamer61.html]
[www.midiplus.com.tw/midiinterface.files/editdata.html]
[www.midiplus.com.tw/midiinterface.files/header.html]
[www.midiplus.com.tw/ilink.files/filelist.xml]
[www.midiplus.com.tw/ilink.files/themedata.thmx]
[www.midiplus.com.tw/ilink.files/colorschememapping.xml]
[www.midiplus.com.tw/ilink.files/image001.jpg]
[www.midiplus.com.tw/ilink.files/image002.png]
[www.midiplus.com.tw/ilink.files/image004.jpg]
[www.midiplus.com.tw/ilink.html]
[www.midiplus.com.tw/MIDIlink_mini.files/filelist.xml]
[www.midiplus.com.tw/MIDIlink_mini.files/item0011.xml]
[www.midiplus.com.tw/MIDIlink_mini.files/themedata.thmx]
[www.midiplus.com.tw/MIDIlink_mini.files/colorschememapping.xml]
[www.midiplus.com.tw/MIDIlink_mini.files/image001.jpg]
[www.midiplus.com.tw/MIDIlink_mini.files/image002.png]
[www.midiplus.com.tw/MIDIlink_mini.files/image004.jpg]
[www.midiplus.com.tw/MIDIlink_mini.html]
[www.midiplus.com.tw/tbox2x2.files/filelist.xml]
[www.midiplus.com.tw/tbox2x2.files/item0012.xml]
[www.midiplus.com.tw/tbox2x2.files/themedata.thmx]
[www.midiplus.com.tw/tbox2x2.files/colorschememapping.xml]
[www.midiplus.com.tw/tbox2x2.files/image001.jpg]
[www.midiplus.com.tw/tbox2x2.files/image003.png]
[www.midiplus.com.tw/tbox2x2.files/image004.jpg]
[www.midiplus.com.tw/tbox2x2.html]
[www.midiplus.com.tw/midi4x4.files/filelist.xml]
[www.midiplus.com.tw/midi4x4.files/item0012.xml]
[www.midiplus.com.tw/midi4x4.files/themedata.thmx]
[www.midiplus.com.tw/midi4x4.files/colorschememapping.xml]
[www.midiplus.com.tw/midi4x4.files/image001.jpg]
[www.midiplus.com.tw/midi4x4.files/image003.png]
[www.midiplus.com.tw/midi4x4.files/image004.jpg]
[www.midiplus.com.tw/midi4x4.html]
[www.midiplus.com.tw/MIDI2x2.files/filelist.xml]
[www.midiplus.com.tw/MIDI2x2.files/item0015.xml]
[www.midiplus.com.tw/MIDI2x2.files/themedata.thmx]
[www.midiplus.com.tw/MIDI2x2.files/colorschememapping.xml]
[www.midiplus.com.tw/MIDI2x2.files/image001.jpg]
[www.midiplus.com.tw/MIDI2x2.files/image002.png]
[www.midiplus.com.tw/MIDI2x2.files/image004.png]
[www.midiplus.com.tw/MIDI2x2.files/image006.png]
[www.midiplus.com.tw/MIDI2x2.files/image008.png]
[www.midiplus.com.tw/MIDI2x2.html]
[www.midiplus.com.tw/AudioInterface.files/editdata.html]
[www.midiplus.com.tw/AudioInterface.files/header.html]
[www.midiplus.com.tw/AudiolinkPLUS4x4.files/filelist.xml]
[www.midiplus.com.tw/AudiolinkPLUS4x4.files/themedata.thmx]
[www.midiplus.com.tw/AudiolinkPLUS4x4.files/colorschememapping.xml]
[www.midiplus.com.tw/AudiolinkPLUS4x4.files/image001.jpg]
[www.midiplus.com.tw/AudiolinkPLUS4x4.files/image002.png]
[www.midiplus.com.tw/AudiolinkPLUS4x4.files/image004.jpg]
[www.midiplus.com.tw/AudiolinkPLUS4x4.files/image006.png]
[www.midiplus.com.tw/AudiolinkPLUS4x4.html]
[www.midiplus.com.tw/smartface.files/filelist.xml]
[www.midiplus.com.tw/smartface.files/item0013.xml]
[www.midiplus.com.tw/smartface.files/themedata.thmx]
[www.midiplus.com.tw/smartface.files/colorschememapping.xml]
[www.midiplus.com.tw/smartface.files/image001.jpg]
[www.midiplus.com.tw/smartface.files/image002.png]
[www.midiplus.com.tw/smartface.files/image004.jpg]
[www.midiplus.com.tw/smartface.files/image006.jpg]
[www.midiplus.com.tw/smartface.html]
[www.midiplus.com.tw/AudiolinkIII.files/filelist.xml]
[www.midiplus.com.tw/AudiolinkIII.files/item0013.xml]
[www.midiplus.com.tw/AudiolinkIII.files/themedata.thmx]
[www.midiplus.com.tw/AudiolinkIII.files/colorschememapping.xml]
[www.midiplus.com.tw/AudiolinkIII.files/image001.jpg]
[www.midiplus.com.tw/AudiolinkIII.files/image002.png]
[www.midiplus.com.tw/AudiolinkIII.files/image004.jpg]
[www.midiplus.com.tw/AudiolinkIII.files/image006.jpg]
[www.midiplus.com.tw/AudiolinkIII.html]
[www.midiplus.com.tw/Studio M.files/filelist.xml]
[www.midiplus.com.tw/Studio M.files/item0015.xml]
[www.midiplus.com.tw/Studio M.files/themedata.thmx]
[www.midiplus.com.tw/Studio M.files/colorschememapping.xml]
[www.midiplus.com.tw/Studio M.files/image001.jpg]
[www.midiplus.com.tw/Studio M.files/image002.png]
[www.midiplus.com.tw/Studio M.files/image004.jpg]
[www.midiplus.com.tw/Studio M.files/image006.jpg]
[www.midiplus.com.tw/Studio M.files/image008.jpg]
[www.midiplus.com.tw/Studio M.html]
[www.midiplus.com.tw/Studio 2.files/filelist.xml]
[www.midiplus.com.tw/Studio 2.files/item0015.xml]
[www.midiplus.com.tw/Studio 2.files/themedata.thmx]
[www.midiplus.com.tw/Studio 2.files/colorschememapping.xml]
[www.midiplus.com.tw/Studio 2.files/image001.jpg]
[www.midiplus.com.tw/Studio 2.files/image002.png]
[www.midiplus.com.tw/Studio 2.files/image004.png]
[www.midiplus.com.tw/Studio 2.files/image006.png]
[www.midiplus.com.tw/Studio 2.files/image008.png]
[www.midiplus.com.tw/Studio 2.html]
[www.midiplus.com.tw/Sound module.files/editdata.html]
[www.midiplus.com.tw/Sound module.files/header.html]
[www.midiplus.com.tw/miniEngine.files/filelist.xml]
[www.midiplus.com.tw/miniEngine.files/item0013.xml]
[www.midiplus.com.tw/miniEngine.files/themedata.thmx]
[www.midiplus.com.tw/miniEngine.files/colorschememapping.xml]
[www.midiplus.com.tw/miniEngine.files/image001.jpg]
[www.midiplus.com.tw/miniEngine.files/image002.png]
[www.midiplus.com.tw/miniEngine.files/image004.jpg]
[www.midiplus.com.tw/miniEngine.files/image006.jpg]
[www.midiplus.com.tw/miniEngine.html]
[www.midiplus.com.tw/S-Engine.files/filelist.xml]
[www.midiplus.com.tw/S-Engine.files/item0017.xml]
[www.midiplus.com.tw/S-Engine.files/themedata.thmx]
[www.midiplus.com.tw/S-Engine.files/colorschememapping.xml]
[www.midiplus.com.tw/S-Engine.files/image001.jpg]
[www.midiplus.com.tw/S-Engine.files/image002.png]
[www.midiplus.com.tw/S-Engine.files/image004.jpg]
[www.midiplus.com.tw/S-Engine.files/image006.jpg]
[www.midiplus.com.tw/S-Engine.files/image008.jpg]
[www.midiplus.com.tw/S-Engine.files/image010.jpg]
[www.midiplus.com.tw/S-Engine.html]
[www.midiplus.com.tw/DigitalPiano.files/editdata.html]
[www.midiplus.com.tw/DigitalPiano.files/header.html]
[www.midiplus.com.tw/xp88c.files/filelist.xml]
[www.midiplus.com.tw/xp88c.files/item0011.xml]
[www.midiplus.com.tw/xp88c.files/themedata.thmx]
[www.midiplus.com.tw/xp88c.files/colorschememapping.xml]
[www.midiplus.com.tw/xp88c.files/image001.jpg]
[www.midiplus.com.tw/xp88c.files/image002.png]
[www.midiplus.com.tw/xp88c.files/image004.jpg]
[www.midiplus.com.tw/xp88c.html]
[www.midiplus.com.tw/e9.files/filelist.xml]
[www.midiplus.com.tw/e9.files/item0012.xml]
[www.midiplus.com.tw/e9.files/themedata.thmx]
[www.midiplus.com.tw/e9.files/colorschememapping.xml]
[www.midiplus.com.tw/e9.files/image001.jpg]
[www.midiplus.com.tw/e9.files/image002.png]
[www.midiplus.com.tw/e9.files/image004.jpg]
[www.midiplus.com.tw/e9.html]
[www.midiplus.com.tw/DrumComponent.files/editdata.html]
[www.midiplus.com.tw/DrumComponent.files/header.html]
[www.midiplus.com.tw/Z10.files/filelist.xml]
[www.midiplus.com.tw/Z10.files/item0017.xml]
[www.midiplus.com.tw/Z10.files/themedata.thmx]
[www.midiplus.com.tw/Z10.files/colorschememapping.xml]
[www.midiplus.com.tw/Z10.files/image001.jpg]
[www.midiplus.com.tw/Z10.files/image002.png]
[www.midiplus.com.tw/Z10.files/image004.png]
[www.midiplus.com.tw/Z10.files/image006.png]
[www.midiplus.com.tw/Z10.files/image008.png]
[www.midiplus.com.tw/Z10.files/image010.png]
[www.midiplus.com.tw/Z10.html]
[www.midiplus.com.tw/Z11.files/filelist.xml]
[www.midiplus.com.tw/Z11.files/item0017.xml]
[www.midiplus.com.tw/Z11.files/themedata.thmx]
[www.midiplus.com.tw/Z11.files/colorschememapping.xml]
[www.midiplus.com.tw/Z11.files/image001.jpg]
[www.midiplus.com.tw/Z11.files/image002.png]
[www.midiplus.com.tw/Z11.files/image004.png]
[www.midiplus.com.tw/Z11.files/image006.jpg]
[www.midiplus.com.tw/Z11.files/image008.jpg]
[www.midiplus.com.tw/Z11.files/image010.jpg]
[www.midiplus.com.tw/Z11.html]
[www.midiplus.com.tw/Z12.files/filelist.xml]
[www.midiplus.com.tw/Z12.files/item0017.xml]
[www.midiplus.com.tw/Z12.files/themedata.thmx]
[www.midiplus.com.tw/Z12.files/colorschememapping.xml]
[www.midiplus.com.tw/Z12.files/image001.jpg]
[www.midiplus.com.tw/Z12.files/image002.png]
[www.midiplus.com.tw/Z12.files/image004.jpg]
[www.midiplus.com.tw/Z12.files/image006.jpg]
[www.midiplus.com.tw/Z12.files/image008.jpg]
[www.midiplus.com.tw/Z12.files/image010.jpg]
[www.midiplus.com.tw/Z12.html]
[www.midiplus.com.tw/ED6.files/filelist.xml]
[www.midiplus.com.tw/ED6.files/item0011.xml]
[www.midiplus.com.tw/ED6.files/themedata.thmx]
[www.midiplus.com.tw/ED6.files/colorschememapping.xml]
[www.midiplus.com.tw/ED6.files/image001.jpg]
[www.midiplus.com.tw/ED6.files/image002.png]
[www.midiplus.com.tw/ED6.files/image004.jpg]
[www.midiplus.com.tw/ED6.html]
[www.midiplus.com.tw/ED7.files/filelist.xml]
[www.midiplus.com.tw/ED7.files/item0011.xml]
[www.midiplus.com.tw/ED7.files/themedata.thmx]
[www.midiplus.com.tw/ED7.files/colorschememapping.xml]
[www.midiplus.com.tw/ED7.files/image001.jpg]
[www.midiplus.com.tw/ED7.files/image002.png]
[www.midiplus.com.tw/ED7.files/image004.jpg]
[www.midiplus.com.tw/ED7.html]
[www.midiplus.com.tw/ED8.files/filelist.xml]
[www.midiplus.com.tw/ED8.files/item0011.xml]
[www.midiplus.com.tw/ED8.files/themedata.thmx]
[www.midiplus.com.tw/ED8.files/colorschememapping.xml]
[www.midiplus.com.tw/ED8.files/image001.jpg]
[www.midiplus.com.tw/ED8.files/image002.png]
[www.midiplus.com.tw/ED8.files/image004.jpg]
[www.midiplus.com.tw/ED8.html]
[www.midiplus.com.tw/ED9.files/filelist.xml]
[www.midiplus.com.tw/ED9.files/item0011.xml]
[www.midiplus.com.tw/ED9.files/themedata.thmx]
[www.midiplus.com.tw/ED9.files/colorschememapping.xml]
[www.midiplus.com.tw/ED9.files/image001.jpg]
[www.midiplus.com.tw/ED9.files/image002.png]
[www.midiplus.com.tw/ED9.files/image004.jpg]
[www.midiplus.com.tw/ED9.html]
[www.midiplus.com.tw/ED9 pro.files/filelist.xml]
[www.midiplus.com.tw/ED9 pro.files/item0011.xml]
[www.midiplus.com.tw/ED9 pro.files/themedata.thmx]
[www.midiplus.com.tw/ED9 pro.files/colorschememapping.xml]
[www.midiplus.com.tw/ED9 pro.files/image001.jpg]
[www.midiplus.com.tw/ED9 pro.files/image002.png]
[www.midiplus.com.tw/ED9 pro.files/image004.jpg]
[www.midiplus.com.tw/ED9 pro.html]
[www.midiplus.com.tw/Accessories.files/editdata.html]
[www.midiplus.com.tw/Accessories.files/header.html]
[www.midiplus.com.tw/sp2.files/filelist.xml]
[www.midiplus.com.tw/sp2.files/item0011.xml]
[www.midiplus.com.tw/sp2.files/themedata.thmx]
[www.midiplus.com.tw/sp2.files/colorschememapping.xml]
[www.midiplus.com.tw/sp2.files/image001.jpg]
[www.midiplus.com.tw/sp2.files/image002.png]
[www.midiplus.com.tw/sp2.files/image004.jpg]
[www.midiplus.com.tw/sp2.html]
[www.midiplus.com.tw/MIDIPLUS-Download.files/editdata.html]
[www.midiplus.com.tw/MIDIPLUS-Download.files/header.html]
[embed.tawk.to/58369e2be6ab3b03d05acce7/default.js]
[www.midiplus.com.tw/company.files/editdata.html]
[www.midiplus.com.tw/company.files/header.html]
[www.midiplus.com.tw/news.files/editdata.html]
[www.midiplus.com.tw/news.files/header.html]
[www.midiplus.com.tw/Musical.files/filelist.xml]
[www.midiplus.com.tw/Musical.files/item0021.xml]
[www.midiplus.com.tw/Musical.files/themedata.thmx]
[www.midiplus.com.tw/Musical.files/colorschememapping.xml]
[www.midiplus.com.tw/Musical.files/image001.jpg]
[www.midiplus.com.tw/Musical.files/image002.png]
[www.midiplus.com.tw/Musical.files/image004.jpg]
[www.midiplus.com.tw/Musical.files/image006.jpg]
[www.midiplus.com.tw/Musical.files/image008.jpg]
[www.midiplus.com.tw/Musical.files/image010.jpg]
[www.midiplus.com.tw/Musical.files/image012.jpg]
[www.midiplus.com.tw/Musical.files/image014.jpg]
[www.midiplus.com.tw/Musical.files/line/123.mp4]
[www.midiplus.com.tw/Musical.html]
[www.midiplus.com.tw/akm320.files/editdata.html]
[www.midiplus.com.tw/akm320.files/header.html]
[www.midiplus.com.tw/AKM322.files/editdata.html]
[www.midiplus.com.tw/AKM322.files/header.html]
[www.midiplus.com.tw/minicontrol.files/editdata.html]
[www.midiplus.com.tw/minicontrol.files/header.html]
[www.midiplus.com.tw/EasyPiano.files/editdata.html]
[www.midiplus.com.tw/EasyPiano.files/header.html]
[www.midiplus.com.tw/ak490.files/editdata.html]
[www.midiplus.com.tw/ak490.files/header.html]
[www.midiplus.com.tw/BK492.files/editdata.html]
[www.midiplus.com.tw/BK492.files/header.html]
[www.midiplus.com.tw/ex610.files/editdata.html]
[www.midiplus.com.tw/ex610.files/header.html]
[www.midiplus.com.tw/i61.files/editdata.html]
[www.midiplus.com.tw/i61.files/header.html]
[www.midiplus.com.tw/origin62.files/editdata.html]
[www.midiplus.com.tw/origin62.files/header.html]
[www.midiplus.com.tw/X6.files/editdata.html]
[www.midiplus.com.tw/X6.files/header.html]
[www.midiplus.com.tw/Classic 49.files/editdata.html]
[www.midiplus.com.tw/Classic 49.files/header.html]
[www.midiplus.com.tw/Classic 25.files/editdata.html]
[www.midiplus.com.tw/Classic 25.files/header.html]
[www.midiplus.com.tw/X8.files/editdata.html]
[www.midiplus.com.tw/X8.files/header.html]
[www.midiplus.com.tw/Dreamer88.files/editdata.html]
[www.midiplus.com.tw/Dreamer88.files/header.html]
[www.midiplus.com.tw/Dreamer61.files/editdata.html]
[www.midiplus.com.tw/Dreamer61.files/header.html]
[www.midiplus.com.tw/ilink.files/editdata.html]
[www.midiplus.com.tw/ilink.files/header.html]
[www.midiplus.com.tw/MIDIlink_mini.files/editdata.html]
[www.midiplus.com.tw/MIDIlink_mini.files/header.html]
[www.midiplus.com.tw/tbox2x2.files/editdata.html]
[www.midiplus.com.tw/tbox2x2.files/header.html]
[www.midiplus.com.tw/midi4x4.files/editdata.html]
[www.midiplus.com.tw/midi4x4.files/header.html]
[www.midiplus.com.tw/MIDI2x2.files/editdata.html]
[www.midiplus.com.tw/MIDI2x2.files/header.html]
[www.midiplus.com.tw/AudiolinkPLUS4x4.files/editdata.html]
[www.midiplus.com.tw/AudiolinkPLUS4x4.files/header.html]
[www.midiplus.com.tw/smartface.files/editdata.html]
[www.midiplus.com.tw/smartface.files/header.html]
[www.midiplus.com.tw/AudiolinkIII.files/editdata.html]
[www.midiplus.com.tw/AudiolinkIII.files/header.html]
[www.midiplus.com.tw/Studio M.files/editdata.html]
[www.midiplus.com.tw/Studio M.files/header.html]
[www.midiplus.com.tw/Studio 2.files/editdata.html]
[www.midiplus.com.tw/Studio 2.files/header.html]
[www.midiplus.com.tw/miniEngine.files/editdata.html]
[www.midiplus.com.tw/miniEngine.files/header.html]
[www.midiplus.com.tw/S-Engine.files/editdata.html]
[www.midiplus.com.tw/S-Engine.files/header.html]
[www.midiplus.com.tw/xp88c.files/editdata.html]
[www.midiplus.com.tw/xp88c.files/header.html]
[www.midiplus.com.tw/e9.files/editdata.html]
[www.midiplus.com.tw/e9.files/header.html]
[www.midiplus.com.tw/Z10.files/editdata.html]
[www.midiplus.com.tw/Z10.files/header.html]
[www.midiplus.com.tw/Z11.files/editdata.html]
[www.midiplus.com.tw/Z11.files/header.html]
[www.midiplus.com.tw/Z12.files/editdata.html]
[www.midiplus.com.tw/Z12.files/header.html]
[www.midiplus.com.tw/ED6.files/editdata.html]
[www.midiplus.com.tw/ED6.files/header.html]
[www.midiplus.com.tw/ED7.files/editdata.html]
[www.midiplus.com.tw/ED7.files/header.html]
[www.midiplus.com.tw/ED8.files/editdata.html]
[www.midiplus.com.tw/ED8.files/header.html]
[www.midiplus.com.tw/ED9.files/editdata.html]
[www.midiplus.com.tw/ED9.files/header.html]
[www.midiplus.com.tw/ED9 pro.files/editdata.html]
[www.midiplus.com.tw/ED9 pro.files/header.html]
[www.midiplus.com.tw/sp2.files/editdata.html]
[www.midiplus.com.tw/sp2.files/header.html]
[www.midiplus.com.tw/Musical.files/editdata.html]
[www.midiplus.com.tw/Musical.files/header.html]
[www.midiplus.com.tw/index.files/editdata.html]
[www.midiplus.com.tw/index.files/header.html]
[www.midiplus.com.tw/KeyboardController.html]
[www.midiplus.com.tw/index-2.html]
[www.midiplus.com.tw/KeyboardController.files/editdata.html]
[www.midiplus.com.tw/KeyboardController.files/header.html]
[www.midiplus.com.tw/akm320.html]
[www.midiplus.com.tw/AKM322.html]
[www.midiplus.com.tw/minicontrol.html]
[www.midiplus.com.tw/EasyPiano.html]
[www.midiplus.com.tw/ak490.html]
[www.midiplus.com.tw/BK492.html]
[www.midiplus.com.tw/ex610.html]
[www.midiplus.com.tw/i61.html]
[www.midiplus.com.tw/origin62.html]
[www.midiplus.com.tw/X6.html]
[www.midiplus.com.tw/Classic 49.html]
[www.midiplus.com.tw/Classic 25.html]
[www.midiplus.com.tw/X8.html]
[www.midiplus.com.tw/Dreamer88.html]
[www.midiplus.com.tw/Dreamer61.html]
[www.midiplus.com.tw/midiinterface.files/editdata.html]
[www.midiplus.com.tw/midiinterface.files/header.html]
[www.midiplus.com.tw/ilink.html]
[www.midiplus.com.tw/MIDIlink_mini.html]
[www.midiplus.com.tw/tbox2x2.html]
[www.midiplus.com.tw/midi4x4.html]
[www.midiplus.com.tw/MIDI2x2.html]
[www.midiplus.com.tw/AudioInterface.files/editdata.html]
[www.midiplus.com.tw/AudioInterface.files/header.html]
[www.midiplus.com.tw/AudiolinkPLUS4x4.html]
[www.midiplus.com.tw/smartface.html]
[www.midiplus.com.tw/AudiolinkIII.html]
[www.midiplus.com.tw/Studio M.html]
[www.midiplus.com.tw/Studio 2.html]
[www.midiplus.com.tw/Sound module.files/editdata.html]
[www.midiplus.com.tw/Sound module.files/header.html]
[www.midiplus.com.tw/miniEngine.html]
[www.midiplus.com.tw/S-Engine.html]
[www.midiplus.com.tw/DigitalPiano.files/editdata.html]
[www.midiplus.com.tw/DigitalPiano.files/header.html]
[www.midiplus.com.tw/xp88c.html]
[www.midiplus.com.tw/e9.html]
[www.midiplus.com.tw/DrumComponent.files/editdata.html]
[www.midiplus.com.tw/DrumComponent.files/header.html]
[www.midiplus.com.tw/Z10.html]
[www.midiplus.com.tw/Z11.html]
[www.midiplus.com.tw/Z12.html]
[www.midiplus.com.tw/ED6.html]
[www.midiplus.com.tw/ED7.html]
[www.midiplus.com.tw/ED8.html]
[www.midiplus.com.tw/ED9.html]
[www.midiplus.com.tw/ED9 pro.html]
[www.midiplus.com.tw/Accessories.files/editdata.html]
[www.midiplus.com.tw/Accessories.files/header.html]
[www.midiplus.com.tw/sp2.html]
[www.midiplus.com.tw/MIDIPLUS-Download.files/editdata.html]
[www.midiplus.com.tw/MIDIPLUS-Download.files/header.html]
[www.midiplus.com.tw/company.files/editdata.html]
[www.midiplus.com.tw/company.files/header.html]
[www.midiplus.com.tw/news.files/editdata.html]
[www.midiplus.com.tw/news.files/header.html]
[www.midiplus.com.tw/Musical.html]
[www.midiplus.com.tw/akm320.files/editdata.html]
[www.midiplus.com.tw/akm320.files/header.html]
[www.midiplus.com.tw/AKM322.files/editdata.html]
[www.midiplus.com.tw/AKM322.files/header.html]
[www.midiplus.com.tw/minicontrol.files/editdata.html]
[www.midiplus.com.tw/minicontrol.files/header.html]
[www.midiplus.com.tw/EasyPiano.files/editdata.html]
[www.midiplus.com.tw/EasyPiano.files/header.html]
[www.midiplus.com.tw/ak490.files/editdata.html]
[www.midiplus.com.tw/ak490.files/header.html]
[www.midiplus.com.tw/BK492.files/editdata.html]
[www.midiplus.com.tw/BK492.files/header.html]
[www.midiplus.com.tw/ex610.files/editdata.html]
[www.midiplus.com.tw/ex610.files/header.html]
[www.midiplus.com.tw/i61.files/editdata.html]
[www.midiplus.com.tw/i61.files/header.html]
[www.midiplus.com.tw/origin62.files/editdata.html]
[www.midiplus.com.tw/origin62.files/header.html]
[www.midiplus.com.tw/X6.files/editdata.html]
[www.midiplus.com.tw/X6.files/header.html]
[www.midiplus.com.tw/Classic 49.files/editdata.html]
[www.midiplus.com.tw/Classic 49.files/header.html]
[www.midiplus.com.tw/Classic 25.files/editdata.html]
[www.midiplus.com.tw/Classic 25.files/header.html]
[www.midiplus.com.tw/X8.files/editdata.html]
[www.midiplus.com.tw/X8.files/header.html]
[www.midiplus.com.tw/Dreamer88.files/editdata.html]
[www.midiplus.com.tw/Dreamer88.files/header.html]
[www.midiplus.com.tw/Dreamer61.files/editdata.html]
[www.midiplus.com.tw/Dreamer61.files/header.html]
[www.midiplus.com.tw/ilink.files/editdata.html]
[www.midiplus.com.tw/ilink.files/item0011.html]
[www.midiplus.com.tw/ilink.files/header.html]
[www.midiplus.com.tw/MIDIlink_mini.files/editdata.html]
[www.midiplus.com.tw/MIDIlink_mini.files/header.html]
[www.midiplus.com.tw/tbox2x2.files/editdata.html]
[www.midiplus.com.tw/tbox2x2.files/header.html]
[www.midiplus.com.tw/midi4x4.files/editdata.html]
[www.midiplus.com.tw/midi4x4.files/header.html]
[www.midiplus.com.tw/MIDI2x2.files/editdata.html]
[www.midiplus.com.tw/MIDI2x2.files/header.html]
[www.midiplus.com.tw/AudiolinkPLUS4x4.files/editdata.html]
[www.midiplus.com.tw/AudiolinkPLUS4x4.files/header.html]
[www.midiplus.com.tw/smartface.files/editdata.html]
[www.midiplus.com.tw/MIDIPLUS-Download.files/Audio driver/Neutron/Neutron_AL3_2.9.86.9_no_swap.zip]
[www.midiplus.com.tw/smartface.files/header.html]
[www.midiplus.com.tw/AudiolinkIII.files/editdata.html]
[www.midiplus.com.tw/AudiolinkIII.files/header.html]
[www.midiplus.com.tw/Studio M.files/editdata.html]
[www.midiplus.com.tw/Studio M.files/header.html]
[www.midiplus.com.tw/Studio 2.files/editdata.html]
[www.midiplus.com.tw/Studio 2.files/header.html]
[www.midiplus.com.tw/miniEngine.files/editdata.html]
[www.midiplus.com.tw/miniEngine.files/header.html]
[www.midiplus.com.tw/S-Engine.files/editdata.html]
[www.midiplus.com.tw/S-Engine.files/header.html]
[www.midiplus.com.tw/xp88c.files/editdata.html]
[www.midiplus.com.tw/xp88c.files/header.html]
[www.midiplus.com.tw/e9.files/editdata.html]
[www.midiplus.com.tw/e9.files/header.html]
[www.midiplus.com.tw/Z10.files/editdata.html]
[www.midiplus.com.tw/Z10.files/header.html]
[www.midiplus.com.tw/Z11.files/editdata.html]
[www.midiplus.com.tw/Z11.files/header.html]
[www.midiplus.com.tw/Z12.files/editdata.html]
[www.midiplus.com.tw/Z12.files/header.html]
[www.midiplus.com.tw/ED6.files/editdata.html]
[www.midiplus.com.tw/ED6.files/header.html]
[www.midiplus.com.tw/ED7.files/editdata.html]
[www.midiplus.com.tw/ED7.files/header.html]
[www.midiplus.com.tw/ED8.files/editdata.html]
[www.midiplus.com.tw/ED8.files/header.html]
[www.midiplus.com.tw/ED9.files/editdata.html]
[www.midiplus.com.tw/ED9.files/header.html]
[www.midiplus.com.tw/ED9 pro.files/editdata.html]
[www.midiplus.com.tw/ED9 pro.files/header.html]
[www.midiplus.com.tw/sp2.files/editdata.html]
[www.midiplus.com.tw/sp2.files/header.html]
[www.midiplus.com.tw/Musical.files/editdata.html]
[www.midiplus.com.tw/Musical.files/header.html]
[www.midiplus.com.tw/Musical.files/line/123.mp4]
